From 1.3.3.5 forward the py script should be 09_jason-parse1.py instead of 08_jason-parse1.py
In the 1.3.3.5 Example 2 I beleive you a missing 'Key'

url = main_api + urllib.parse.urlencode({'address': address}) + '&key=' + key 

instead of 

url = main_api + urllib.parse.urlencode({'address': address}) + '&' + key

In 1.3.3.9

json_date instead of json_data

and print['formatted_address'] instead of print(formatted_address)